..B|add a task
...|┌ repository ───────┐ ┌ host ───────┐ ┌ agent ─────────────┐
...|│ laatmux           │ │ vm          │ │ claude             │
...|└───────────────────┘ └─────────────┘ └────────────────────┘
...|┌ prompt ──────────────────────────────────────────────────┐
...|│ Make the sidebar follow the current row when the sort    │
...|│ moves it, and select nothing when no row is this         │
...|│ session.                                                 │
...|│                                                          │
...|└──────────────────────────────────────────────────────────┘
...|⟨branch  ⟩…t-and-select-nothing-when-no-row-is-this-session-2█
.D.|tab next  enter submit  ctrl-j/S-enter newline  esc cancel
