..B|add a task
...|⟨┌ repository ───────┐⟩ ┌ host ───────┐ ┌ agent ─────────────┐
...|⟨│ laatmux           │⟩ │ vm          │ │ claude             │
...|⟨└───────────────────┘⟩ └─────────────┘ └────────────────────┘
...|┌ prompt ──────────────────────────────────────────────────┐
...|│ Make the sidebar follow the current row when the sort    │
...|│ moves it, and select nothing when no row is this         │
...|│ session.                                                 │
...|└──────────────────────────────────────────────────────────┘
...|branch  make-the-sidebar-follow-the-current-row-when-the-sor
..B|"bad..name" is not a valid branch name
..B|tasks not supported by vm's daemon
