..B|add a task
...|┌ repository ───────┐ ┌ host ───────┐ ┌ agent ─────────────┐
...|│ laatmux           │ │ vm          │ │ claude             │
...|└───────────────────┘ └─────────────┘ └────────────────────┘
...|⟨┌ prompt ──────────────────────────────────────────────────┐⟩
...|⟨│ ⟩█                                                       ⟨ │⟩
...|⟨│ ⟩                                                        ⟨ │⟩
...|⟨│ ⟩                                                        ⟨ │⟩
...|⟨│ ⟩                                                        ⟨ │⟩
...|⟨└──────────────────────────────────────────────────────────┘⟩
...|branch  ‹›
.D.|tab next  enter submit  ctrl-j/S-enter newline  esc cancel
