S..| ⟨⠋⟩ adding: clone    proj/sidebar-follow                              ‹@vm›
S..|     adding: clone: cloning git@github.com:laat/proj.git
.D.| ! prompt not deliv proj/fix-ls                                      ‹@vm›
.D.|     prompt not delivered: the pane was not ready within a minute
.D.|   no session       proj/a                                           ‹@vm›
...|
...|
...|
...|
...|
...|
.D.|
