S..|⟨info:▌⟩ ⟨info:⠋⠙⟩ sidebar-follow proj @‹vm›                                        0:00
S..|⟨info:▌⟩    adding: clone: cloning git@github.com:laat/proj.git                
S..|‹⟨border:────────────────────────────────────────────────────────────────────────⟩›
...|⟨accent:▌⟩ ⟨accent:💬⟩ fix-ls proj @‹vm›                                                1:00
...|⟨accent:▌⟩    prompt not delivered: the pane was not ready within a minute
...|‹⟨border:────────────────────────────────────────────────────────────────────────⟩›
...|⟨accent:▌⟩ ⟨accent:💬⟩ ⎇ a proj @‹vm›                                                   5:00
...|⟨accent:▌⟩    Allow?
...|‹⟨border:────────────────────────────────────────────────────────────────────────⟩›
...|
...|
.D.|
