...|⟪⟨accent:💬⟩⟫⟪ ⟫⟪fix-ls⟫⟪         ⟫‹⟨border: │ ⟩›⟨info:⠋⠙⟩ remote-notes   ‹⟨border: │ ⟩›⟨info:⠋⠙⟩ «⟨current_worktree_fg:task⟩»         ‹→8›
...|⟪laatmux⟫⟪ @⟫‹⟪vm⟫›⟪       ⟫‹⟨border: │ ⟩›@‹vm/default›       ‹⟨border: │ ⟩›proj @mac         
...|⟪Permission to run…⟫‹⟨border: │ ⟩›remote            ‹⟨border: │ ⟩›Editing src/api.ts
