..B|⟨danger:box  DOWN  ssh: connect to host box⟩
S..|⟨accent:▌⟩ ⟨accent:💬⟩ laatmux                   2:00
S..|⟨accent:▌⟩    ⎇ fix-ls @‹vm›                  
S..|⟨accent:▌⟩    Permission to run pnpm test i…
S..|‹⟨border:───────────────────────────────────⟩›
...|⟨info:▌⟩ ⟨info:⠋⠙⟩ remote-notes              0:01
...|⟨info:▌⟩    @‹vm/default›
...|⟨info:▌⟩    remote
...|‹⟨border:───────────────────────────────────⟩›
...|⟨info:▌⟩ ⟨info:⠋⠙⟩ «⟨current_worktree_fg:proj⟩»                      0:08
...|⟨info:▌⟩    ⎇ task @mac
...|⟨info:▌⟩    Editing src/api.ts
...|‹⟨border:───────────────────────────────────⟩›
.D.|⟨info:▌⟩ ⟨info:⠋⠙⟩ proj                     10:00
.D.|⟨info:▌⟩    ⎇ down @‹box›
.D.|⟨info:▌⟩    last seen
...|‹⟨border:───────────────────────────────────⟩›
...|⟨border:▌⟩ ⟨border:  ⟩ scratch                   0:40
...|⟨border:▌⟩    @mac
...|⟨border:▌⟩
...|‹⟨border:───────────────────────────────────⟩›
...|⟨border:▌⟩ ⟨border:  ⟩ notes                     5:00
...|⟨border:▌⟩    @mac
...|⟨border:▌⟩
...|‹⟨border:───────────────────────────────────⟩›
...|⟨border:▌⟩ ⟨border:  ⟩ proj                        1h
...|⟨border:▌⟩    ⎇ other @‹vm›
...|⟨border:▌⟩    Done. 日本語のタイトル that i…
...|‹⟨border:───────────────────────────────────⟩›
.D.|⟨border:▌⟩ ⟨border:  ⟩ proj                        3h
.D.|↓ 1 more
...|[x] vm  [x] ⟨danger:box⟩
.D.|v layout  / filter  f all  q quit
