...| «⟨header:Agents⟩»‹⟨border: │ ⟩›‹Tree›
...|⟨accent:▌⟩ ⟨accent:💬⟩ scratch                                            0:00
...|⟨accent:▌⟩    @‹vm/default›
...|⟨accent:▌⟩
...|‹⟨border:────────────────────────────────────────────────────────────⟩›
...|⟨accent:▌⟩ ⟨accent:💬⟩ anki-llm                                           1:00
...|⟨accent:▌⟩    ⎇ batch-processing @mac
...|⟨accent:▌⟩    Refactoring queue handling now
...|‹⟨border:────────────────────────────────────────────────────────────⟩›
...|⟨success:▌⟩ ⟨success:✅⟩ laatmux                                            1:00
...|⟨success:▌⟩    ⎇ auto-layout @‹vm›                              ‹⟨success:+318⟩› ‹⟨danger:-87⟩›
...|⟨success:▌⟩    done                                          «⟨success:#49⟩» ⟨danger:×⟩⟨danger: 3/5⟩
...|‹⟨border:────────────────────────────────────────────────────────────⟩›
S..|⟨info:▌⟩ ⟨info:⠋⠙⟩ «⟨current_worktree_fg:laatmux⟩» «⟨current_worktree_fg:(1)⟩»                                        1:00
S..|⟨info:▌⟩    ⎇ agents-config @‹vm›                    ‹⟨success:+46⟩› ‹⟨danger:-11⟩› ✎ «⟨success:+28⟩» «⟨danger:-3⟩»
S..|⟨info:▌⟩    Adding per-agent config to the loader             «⟨success:#52⟩» ⟨success:✓⟩
S..|‹⟨border:────────────────────────────────────────────────────────────⟩›
...|⟨border:▌⟩ ⟨border:  ⟩ «⟨current_worktree_fg:laatmux⟩» «⟨current_worktree_fg:(2)⟩»                                        1:00
...|⟨border:▌⟩    ⎇ agents-config @‹vm›                    ‹⟨success:+46⟩› ‹⟨danger:-11⟩› ✎ «⟨success:+28⟩» «⟨danger:-3⟩»
.D.|
